
> react-example@0.0.0 test
> vitest src/features/inventory/__tests__/InventoryTab.test.tsx


[1m[46m RUN [49m[22m [36mv3.2.4 [39m[90mE:/VISUAL STUDIO CODE/MEKA TALLER - copia - copia (2)[39m

node.exe : (node:17680) Warning: `--localstorage-file` was provided without a valid path
En línea: 1 Carácter: 1
+ & "C:\Program Files\nodejs/node.exe" "C:\Users\joser\AppData\Roaming\ ...
+ ~~~~~~~~~~~~~~~~~~~~~~~~~~~~~~~~~~~~~~~~~~~~~~~~~~~~~~~~~~~~~~~~~~~~~
    + CategoryInfo          : NotSpecified: ((node:17680) Wa...ut a valid path:String) [], RemoteException
    + FullyQualifiedErrorId : NativeCommandError
 
(Use `node --trace-warnings ...` to show where the warning was created)
 [31mΓ¥»[39m src/features/inventory/__tests__/InventoryTab.test.tsx [2m([22m[2m3 tests[22m[2m | [22m[31m3 failed[39m[2m)[22m[32m 28[2mms[22m[39m
[31m   [31m├ù[31m InventoryTab - UI Behavior[2m > [22mdebe renderizar el t├¡tulo de la pesta├▒a correctamente[39m[32m 23[2mms[22m[39m
[31m     ΓåÆ Element type is invalid: expected a string (for built-in components) or a class/function (for composite components) but got: undefined. You likely forgot to export your component from the file it's defined in, or you might have mixed up default and named imports.[39m
[31m   [31m├ù[31m InventoryTab - UI Behavior[2m > [22mdebe abrir el modal de Nuevo Producto[39m[32m 2[2mms[22m[39m
[31m     ΓåÆ Element type is invalid: expected a string (for built-in components) or a class/function (for composite components) but got: undefined. You likely forgot to export your component from the file it's defined in, or you might have mixed up default and named imports.[39m
[31m   [31m├ù[31m InventoryTab - UI Behavior[2m > [22mdebe abrir el modal de Entradas[39m[32m 2[2mms[22m[39m
[31m     ΓåÆ Element type is invalid: expected a string (for built-in components) or a class/function (for composite components) but got: undefined. You likely forgot to export your component from the file it's defined in, or you might have mixed up default and named imports.[39m

[31mΓÄ»ΓÄ»ΓÄ»ΓÄ»ΓÄ»ΓÄ»ΓÄ»[39m[1m[41m Failed Tests 3 [49m[22m[31mΓÄ»ΓÄ»ΓÄ»ΓÄ»ΓÄ»ΓÄ»ΓÄ»[39m

[41m[1m FAIL [22m[49m src/features/inventory/__tests__/InventoryTab.test.tsx[2m > [22mInventoryTab - UI 
Behavior[2m > [22mdebe renderizar el t├¡tulo de la pesta├▒a correctamente
[41m[1m FAIL [22m[49m src/features/inventory/__tests__/InventoryTab.test.tsx[2m > [22mInventoryTab - UI 
Behavior[2m > [22mdebe abrir el modal de Nuevo Producto
[41m[1m FAIL [22m[49m src/features/inventory/__tests__/InventoryTab.test.tsx[2m > [22mInventoryTab - UI 
Behavior[2m > [22mdebe abrir el modal de Entradas
[31m[1mError[22m: Element type is invalid: expected a string (for built-in components) or a class/function (for 
composite components) but got: undefined. You likely forgot to export your component from the file it's defined in, or 
you might have mixed up default and named imports.[39m
[90m [2mΓ¥»[22m createFiberFromTypeAndProps 
node_modules/react-dom/cjs/react-dom-client.development.js:[2m5021:28[22m[39m
[90m [2mΓ¥»[22m createFiberFromElement 
node_modules/react-dom/cjs/react-dom-client.development.js:[2m5035:14[22m[39m
[90m [2mΓ¥»[22m reconcileChildFibersImpl 
node_modules/react-dom/cjs/react-dom-client.development.js:[2m6920:31[22m[39m
[90m [2mΓ¥»[22m node_modules/react-dom/cjs/react-dom-client.development.js:[2m7098:33[22m[39m
[90m [2mΓ¥»[22m reconcileChildren node_modules/react-dom/cjs/react-dom-client.development.js:[2m9701:13[22m[39m
[90m [2mΓ¥»[22m beginWork node_modules/react-dom/cjs/react-dom-client.development.js:[2m12171:13[22m[39m
[90m [2mΓ¥»[22m runWithFiberInDEV node_modules/react-dom/cjs/react-dom-client.development.js:[2m874:13[22m[39m
[90m [2mΓ¥»[22m performUnitOfWork node_modules/react-dom/cjs/react-dom-client.development.js:[2m17641:22[22m[39m
[90m [2mΓ¥»[22m workLoopSync node_modules/react-dom/cjs/react-dom-client.development.js:[2m17469:41[22m[39m
[90m [2mΓ¥»[22m renderRootSync node_modules/react-dom/cjs/react-dom-client.development.js:[2m17450:11[22m[39m

[31m[2mΓÄ»ΓÄ»ΓÄ»ΓÄ»ΓÄ»ΓÄ»ΓÄ»ΓÄ»ΓÄ»ΓÄ»ΓÄ»ΓÄ»ΓÄ»ΓÄ»ΓÄ»ΓÄ»ΓÄ»ΓÄ»ΓÄ»ΓÄ»ΓÄ»ΓÄ»ΓÄ»ΓÄ»[1/3]ΓÄ»[22m[39m


[2m Test Files [22m [1m[31m1 failed[39m[22m[90m (1)[39m
[2m      Tests [22m [1m[31m3 failed[39m[22m[90m (3)[39m
[2m   Start at [22m 13:12:39
[2m   Duration [22m 2.79s[2m (transform 264ms, setup 142ms, collect 570ms, tests 28ms, environment 1.34s, prepare 152ms)[22m

